
  x Unexpected token
   ,-[$DIR/tests/recovery/element/table/broken-7/input.html:1:1]
 1 | <table><tr><td><svg><desc><td></desc><circle>
   :                               ^^^^^^^
   `----

  x Unexpected token
   ,-[$DIR/tests/recovery/element/table/broken-7/input.html:1:1]
 1 | <table><tr><td><svg><desc><td></desc><circle>
   : ^^^^^^^^^^^^^^^^^^^^^^^^^^^^^^^^^^^^^^^^^^^^^
   `----
